// Jest Snapshot v1, https://goo.gl/fbAQLP

exports[`RegisterScreen should render 1`] = `ShallowWrapper {}`;
