// Jest Snapshot v1, https://goo.gl/fbAQLP

exports[`LoginScreen should render 1`] = `ShallowWrapper {}`;
