// Jest Snapshot v1, https://goo.gl/fbAQLP

exports[`register component should render 1`] = `ShallowWrapper {}`;
