// Jest Snapshot v1, https://goo.gl/fbAQLP

exports[`Login component should render 1`] = `ShallowWrapper {}`;
